Turbo Assembler	 Version 4.1	    03/16/26 01:17:12	    Page 1
register.asm



      1	0000			     .model tiny
      2	0000			     .code
      3				     org 100h
      4
      5				     locals @@
      6
      7	      =B800		     VIDEOSEG	equ 0b800h
      8	      =0050		     ROW_LEN	equ 80d
      9	      =0019		     MAX_LINE	equ 25d
     10	      =0004		     LINE_N	equ 4d
     11	      =000F		     SHIFT	equ 15d
     12	      =00BA		     F_VER	equ 0bah ; ║
     13	      =00CD		     F_HOR	equ 0cdh ; ═
     14	      =00BB		     F_UR	equ 0bbh ; ╗
     15	      =00C9		     F_UL	equ 0c9h ; ╔
     16	      =00BC		     F_DR	equ 0bch ; ╝
     17	      =00C8		     F_DL	equ 0c8h ; ╚
     18	      =0020		     F_WS	equ ' '
     19	      =0002		     PAD_HOR	equ 2d
     20	      =0001		     PAD_VER	equ 1d
     21	      =0007		     MSG_LENGTH_TOTAL equ 3 + 4
     22	      =000E		     MSG_LINES_TOTAL equ (MSG_LEN + 1) / (MSG_LENGTH_TOTAL + 1)
     23	      =0012		     MSG_LINES_TOTAL_PADDED equ	MSG_LINES_TOTAL	+ (PAD_VER + 1)	* 2
     24	      =000D		     MSG_LENGTH_TOTAL_PADDED equ     MSG_LENGTH_TOTAL +	(PAD_HOR + 1) *	2 ; we add padding to 'XX   +
     25				     FFFF'
     26
     27
     28	0100			     Start:
     29	0100  B8 3509			     mov ax, 3509h
     30	0103  CD 21			     int 21h
     31	0105  89 1E 221Ar		     mov Original09Offset, bx
     32	0109  8C C3			     mov bx, es
     33	010B  89 1E 221Cr		     mov Original09Segment, bx
     34
     35	010F  B8 3508			     mov ax, 3508h
     36	0112  CD 21			     int 21h
     37	0114  89 1E 2130r		     mov Original08Offset, bx
     38	0118  8C C3			     mov bx, es
     39	011A  89 1E 2132r		     mov Original08Segment, bx
     40
     41	011E  33 C0			     xor ax, ax
     42	0120  50			     push ax
     43	0121  07			     pop es
     44
     45	0122  FA			     cli
     46	0123  BB 0024			     mov bx, 09h * 4
     47	0126  26: C7 07	2135r		     mov es:[bx], offset KeyHandler
     48	012B  8C C8			     mov ax, cs
     49	012D  26: 89 47	02		     mov es:[bx	+ 2], ax
     50	0131  BB 0020			     mov bx, 08h * 4
     51	0134  26: C7 07	2096r		     mov es:[bx], offset UpdateHandler
     52	0139  8C C8			     mov ax, cs
     53	013B  26: 89 47	02		     mov es:[bx	+ 2], ax
     54	013F  FB			     sti
     55
     56	0140  B8 3100			     mov ax, 3100h
     57	0143  BA 237Ar			     mov dx, offset EOP
Turbo Assembler	 Version 4.1	    03/16/26 01:17:12	    Page 2
register.asm



     58	0146  D1 EA D1 EA D1 EA	D1+	     shr dx, 4
     59	      EA
     60	014E  42			     inc dx
     61	014F  CD 21			     int 21h
     62
     63				     UpdatePushRegs macro
     64					     push ss
     65					     push es
     66					     push ds
     67					     push sp
     68					     push bp
     69					     push di
     70					     push si
     71					     push dx
     72					     push cx
     73					     push bx
     74					     push ax
     75					     pushf
     76					     endm
     77
     78				     UpdatePopRegs macro
     79					     popf ; pomoysya
     80					     pop ax
     81					     pop bx
     82					     pop cx
     83					     pop dx
     84					     pop si
     85					     pop di
     86					     pop bp
     87					     pop sp
     88					     pop ds
     89					     pop es
     90					     pop ss
     91					     endm
     92
     93	0151  00		     Switch db 0
     94	0152  029E		     Position dw (LINE_N * ROW_LEN + SHIFT) * 2
     95	0154  79		     Background	db 79h
     96	0155  7C		     TextColor db 7ch
     97	0156  0FA0*(??)		     DrawBuffer	db MAX_LINE * ROW_LEN *	2 dup(?)
     98	10F6  0FA0*(??)		     SaveBuffer	db MAX_LINE * ROW_LEN *	2 dup(?)
     99
    100	2096			     UpdateHandler proc
    101					     UpdatePushRegs
1   102	2096  16			     push ss
1   103	2097  06			     push es
1   104	2098  1E			     push ds
1   105	2099  54			     push sp
1   106	209A  55			     push bp
1   107	209B  57			     push di
1   108	209C  56			     push si
1   109	209D  52			     push dx
1   110	209E  51			     push cx
1   111	209F  53			     push bx
1   112	20A0  50			     push ax
1   113	20A1  9C			     pushf
    114
Turbo Assembler	 Version 4.1	    03/16/26 01:17:12	    Page 3
register.asm



    115	20A2  0E			     push cs
    116	20A3  1F			     pop ds
    117
    118	20A4  BB 0151r			     lea bx, Switch
    119	20A7  80 3F 01			     cmp byte ptr [bx],	1
    120	20AA  75 77			     jne @@Original
    121
    122	20AC  0E			     push cs
    123	20AD  07			     pop es
    124
    125	20AE  FC			     cld
    126	20AF  BF 0156r			     lea di, DrawBuffer
    127	20B2  BB 0152r			     lea bx, Position
    128	20B5  03 3F			     add di, [bx]
    129	20B7  81 EF 00A2		     sub di, 2 + ROW_LEN * 2
    130	20BB  33 C0			     xor ax, ax
    131	20BD  BB 0082			     mov bx, (ROW_LEN -	MSG_LENGTH_TOTAL_PADDED	- 2) * 2
    132	20C0  B9 0014			     mov cx, MSG_LINES_TOTAL_PADDED + 2
    133	20C3				     @@ClearDrawBuf:
    134	20C3  51				     push cx
    135	20C4  B9 000F				     mov cx, MSG_LENGTH_TOTAL_PADDED + 2
    136	20C7  F3> AB				     rep stosw
    137	20C9  59				     pop cx
    138	20CA  03 FB				     add di, bx
    139	20CC  E2 F5			     loop @@ClearDrawBuf
    140
    141	20CE  BF 0156r			     lea di, DrawBuffer
    142	20D1  BB 0152r			     lea bx, Position
    143	20D4  03 3F			     add di, [bx]
    144	20D6  B8 0012			     mov ax, MSG_LINES_TOTAL_PADDED
    145	20D9  B9 000D			     mov cx, MSG_LENGTH_TOTAL_PADDED
    146	20DC  E8 01AE			     call RenderFrame
    147
    148	20DF  B9 000E			     mov cx, 14
    149	20E2  8B DC			     mov bx, sp
    150	20E4  BF 2221r			     lea di, MSG + 3
    151	20E7				     @@ModifyMsgLoop:
    152	20E7  36: 8B 07			     mov ax, ss:[bx]
    153	20EA  51			     push cx
    154	20EB  53			     push bx
    155	20EC  E8 0252			     call Int16ToHex
    156	20EF  5B			     pop bx
    157	20F0  89 0D			     mov [di],	   cx
    158	20F2  89 45 02			     mov [di + 2], ax
    159	20F5  83 C7 08			     add di, MSG_LENGTH_TOTAL +	1 ; + 1	for '$'
    160	20F8  83 C3 02			     add bx, 2
    161	20FB  59			     pop cx
    162	20FC  E2 E9			     loop @@ModifyMsgLoop
    163
    164	20FE  BF 0156r			     lea di, DrawBuffer
    165	2101  81 C7 0146		     add di, ((PAD_VER + 1) * ROW_LEN +	PAD_HOR	+ 1) * 2
    166	2105  BB 0152r			     lea bx, Position
    167	2108  03 3F			     add di, [bx]
    168	210A  B9 006F 90		     mov cx, MSG_LEN
    169	210E  BE 221Er			     lea si, MSG
    170	2111  E8 0200			     call RenderStringEscaped
    171
Turbo Assembler	 Version 4.1	    03/16/26 01:17:12	    Page 4
register.asm



    172	2114  B9 07D0			     mov cx, MAX_LINE *	ROW_LEN
    173	2117  BE 0156r			     lea si, DrawBuffer
    174	211A  BB B800			     mov bx, VIDEOSEG
    175	211D  53			     push bx
    176	211E  07			     pop es
    177	211F  33 FF			     xor di, di
    178	2121  F3> A5			     rep movsw
    179
    180	2123				     @@Original:
    181
    182					     UpdatePopRegs
1   183	2123  9D			     popf ; pomoysya
1   184	2124  58			     pop ax
1   185	2125  5B			     pop bx
1   186	2126  59			     pop cx
1   187	2127  5A			     pop dx
1   188	2128  5E			     pop si
1   189	2129  5F			     pop di
1   190	212A  5D			     pop bp
1   191	212B  5C			     pop sp
1   192	212C  1F			     pop ds
1   193	212D  07			     pop es
1   194	212E  17			     pop ss
    195
    196					     ;iret
    197
    198	212F  EA			     db	0eah ; JMP FAR
    199
    200	2130  0000			     Original08Offset dw 0
    201	2132  0000			     Original08Segment dw 0
    202	2134			     endp
    203
    204				     KeyPushRegs macro
    205					     push ds
    206					     push bx
    207					     push ax
    208					     push di
    209					     push cx
    210					     endm
    211
    212				     KeyPopRegs	macro
    213					     pop cx
    214					     pop di
    215					     pop ax
    216					     pop bx
    217					     pop ds
    218					     endm
    219
    220	2134  00		     IsCtrlDown	db 0
    221
    222	2135			     KeyHandler	proc
    223					     KeyPushRegs
1   224	2135  1E			     push ds
1   225	2136  53			     push bx
1   226	2137  50			     push ax
1   227	2138  57			     push di
1   228	2139  51			     push cx
Turbo Assembler	 Version 4.1	    03/16/26 01:17:12	    Page 5
register.asm



    229
    230	213A  0E			     push cs
    231	213B  1F			     pop ds
    232
    233	213C  E4 60			     in	al, 60h
    234
    235	213E  3C 1D			     cmp al, 1dh ; Ctrl	Pressed	Down
    236	2140  75 09			     jne @@NotCtrlDown
    237	2142  BB 2134r			     lea bx, IsCtrlDown
    238	2145  C6 07 01			     mov byte ptr [bx],	1
    239	2148  EB 7B 90			     jmp @@JMP_CHAIN_Original
    240	214B				     @@NotCtrlDown:
    241	214B  3C 9D			     cmp al, 1dh + 128d	; Ctrl Unpressed
    242	214D  75 09			     jne @@NotCtrlUp
    243	214F  BB 2134r			     lea bx, IsCtrlDown
    244	2152  C6 07 00			     mov byte ptr [bx],	0
    245	2155  EB 6E 90			     jmp @@JMP_CHAIN_Original
    246	2158				     @@NotCtrlUp:
    247
    248	2158  BB 2134r			     lea bx, IsCtrlDown
    249	215B  80 3F 01			     cmp byte ptr [bx],	1
    250	215E  75 65			     jne @@JMP_CHAIN_Original
    251
    252	2160  3C 23			     cmp al, 23h ; 'H'
    253	2162  75 08			     jne @@NotH
    254	2164  BB 0154r			     lea bx, Background
    255	2167  FE 07			     inc byte ptr [bx]
    256	2169  E9 0094			     jmp @@Consume
    257	216C				     @@NotH:
    258
    259	216C  3C 24			     cmp al, 24h ; 'J'
    260	216E  75 08			     jne @@NotJ
    261	2170  BB 0154r			     lea bx, Background
    262	2173  FE 0F			     dec byte ptr [bx]
    263	2175  E9 0088			     jmp @@Consume
    264	2178				     @@NotJ:
    265
    266	2178  3C 25			     cmp al, 25h ; 'K'
    267	217A  75 08			     jne @@NotK
    268	217C  BB 0155r			     lea bx, TextColor
    269	217F  FE 07			     inc byte ptr [bx]
    270	2181  EB 7D 90			     jmp @@Consume
    271	2184				     @@NotK:
    272
    273	2184  3C 26			     cmp al, 26h ; 'L'
    274	2186  75 08			     jne @@NotL
    275	2188  BB 0155r			     lea bx, TextColor
    276	218B  FE 0F			     dec byte ptr [bx]
    277	218D  EB 71 90			     jmp @@Consume
    278	2190				     @@NotL:
    279
    280	2190  3C 12			     cmp al, 12h ; 'E'
    281	2192  74 54			     je	@@SwitchKey
    282	2194  3C 48			     cmp al, 48h ; Up Arrow Key
    283	2196  74 30			     je	@@MoveUpKey
    284	2198  3C 50			     cmp al, 50h ; Down	Arrow Key
    285	219A  74 3C			     je	@@MoveDownKey
Turbo Assembler	 Version 4.1	    03/16/26 01:17:12	    Page 6
register.asm



    286	219C  3C 4B			     cmp al, 4bh ; Left	Arrow Key
    287	219E  74 07			     je	@@MoveLeftKey
    288	21A0  3C 4D			     cmp al, 4dh ; Right Arrow Key
    289	21A2  74 12			     je	@@MoveRightKey
    290	21A4  EB 6E 90			     jmp @@Original
    291
    292	21A7				     @@MoveLeftKey:
    293	21A7  BB 0152r				     lea bx, Position
    294	21AA  8B 0F				     mov cx, [bx]
    295	21AC  85 C9				     test cx, cx
    296	21AE  74 64				     jz	@@Original
    297	21B0  83 2F 02				     sub word ptr [bx],	2
    298	21B3  EB 4B 90				     jmp @@Consume
    299
    300	21B6				     @@MoveRightKey:
    301	21B6  BB 0152r				     lea bx, Position
    302	21B9  81 3F 04E6			     cmp word ptr [bx],	((MAX_LINE - MSG_LINES_TOTAL_PADDED + 1) * ROW_LEN -	    +
    303				     MSG_LENGTH_TOTAL_PADDED) *	2
    304	21BD  74 55				     je	@@Original
    305	21BF  83 07 02				     add word ptr [bx],	2
    306	21C2  EB 3C 90				     jmp @@Consume
    307
    308	21C5				     @@JMP_CHAIN_Original:
    309	21C5  EB 4D 90			     jmp @@Original
    310
    311	21C8				     @@MoveUpKey:
    312	21C8  BB 0152r				     lea bx, Position
    313	21CB  81 3F 00A0			     cmp word ptr [bx],	ROW_LEN	* 2
    314	21CF  72 43				     jb	@@Original
    315	21D1  81 2F 00A0			     sub word ptr [bx],	ROW_LEN	* 2
    316	21D5  EB 29 90				     jmp @@Consume
    317
    318	21D8				     @@MoveDownKey:
    319	21D8  BB 0152r				     lea bx, Position
    320	21DB  81 3F 0460			     cmp word ptr [bx],	(MAX_LINE - MSG_LINES_TOTAL_PADDED) * ROW_LEN *	2
    321	21DF  73 33				     jae @@Original
    322	21E1  81 07 00A0			     add word ptr [bx],	ROW_LEN	* 2
    323	21E5  EB 19 90				     jmp @@Consume
    324
    325	21E8				     @@SwitchKey:
    326	21E8  BB 0151r				     lea bx, Switch
    327	21EB  80 3F 00				     cmp byte ptr [bx],	0
    328	21EE  75 08				     jne @@TurnOff
    329	21F0  C6 06 0151r 01			     mov Switch, 1
    330	21F5  EB 09 90				     jmp @@Consume
    331	21F8					     @@TurnOff:
    332	21F8  C6 06 0151r 00				     mov Switch, 0
    333	21FD  EB 01 90				     jmp @@Consume
    334
    335	2200				     @@Consume:
    336
    337	2200  E4 61			     in	al, 61h
    338	2202  0C 80			     or	al, 80h
    339	2204  E6 61			     out 61h, al
    340	2206  24 7F			     and al, not 80h
    341	2208  E6 61			     out 61h, al
    342	220A  B0 20			     mov al, 20h
Turbo Assembler	 Version 4.1	    03/16/26 01:17:12	    Page 7
register.asm



    343	220C  E6 20			     out 20h, al
    344
    345					     KeyPopRegs
1   346	220E  59			     pop cx
1   347	220F  5F			     pop di
1   348	2210  58			     pop ax
1   349	2211  5B			     pop bx
1   350	2212  1F			     pop ds
    351	2213  CF			     iret
    352
    353	2214				     @@Original:
    354
    355					     KeyPopRegs
1   356	2214  59			     pop cx
1   357	2215  5F			     pop di
1   358	2216  58			     pop ax
1   359	2217  5B			     pop bx
1   360	2218  1F			     pop ds
    361
    362	2219  EA			     db	0eah ; JMP FAR
    363
    364	221A  0000			     Original09Offset dw 0
    365	221C  0000			     Original09Segment dw 0
    366
    367	221E				     endp
    368
    369	221E  46 4C 20 30 30 30	30+  MSG db 'FL	0000$AX	0000$BX	0000$CX	0000$DX	0000$SI	0000$DI	0000$BP	0000$SP	0000$DS	0000$SS	    +
    370	      24 41 58 20 30 30	30+  0000$ES 0000$IP 0000$CS 0000'
    371	      30 24 42 58 20 30	30+
    372	      30 30 24 43 58 20	30+
    373	      30 30 30 24 44 58	20+
    374	      30 30 30 30 24 53	49+
    375	      20 30 30 30 30 24	44+
    376	      49 20 30 30 30 30	24+
    377	      42 50 20 30 30 30	30+
    378	      24 53 50 20 30 30	30+
    379	      30 24 44 53 20 30	30+
    380	      30 30 24 53 53 20	30+
    381	      30 30 30 24 45 53	20+
    382	      30 30 30 30 24 49	50+
    383	      20 30 30 30 30 24	43+
    384	      53 20 30 30 30 30
    385	      =006F		     MSG_LEN equ $ - MSG
    386
    387				     ;-------------
    388				     ; RenderFrame - renders CX	by AX bytes from SI
    389				     ;		      to ES starting from pos DX,
    390				     ;		      with BACKGROUND color attribute
    391				     ; Input:  AX =  height
    392				     ;	       CX =  length
    393				     ;	       DI =  vram offset in bytes
    394				     ; Destr:  BX, DI, SI, CX, AX, BP
    395				     ; Expect: CLD
    396				     ;-------------
    397	228D			     RenderFrame     proc
    398	228D  85 C9			     test cx, cx
    399	228F  74 2F			     jz	@@EXIT
Turbo Assembler	 Version 4.1	    03/16/26 01:17:12	    Page 8
register.asm



    400	2291  85 C0			     test ax, ax
    401	2293  74 2B			     jz	@@EXIT
    402	2295  8B EC			     mov bp, sp
    403
    404	2297  51			     push cx
    405	2298  BB 0050			     mov bx, ROW_LEN
    406	229B  43			     inc bx
    407	229C  2B D9			     sub bx, cx	; potential overflow here but no solution for now
    408	229E  D1 E3			     shl bx, 1 ; now bx	contains how much we need to shift per iteration
    409	22A0  8B C8			     mov cx, ax
    410	22A2  B0 00			     mov al, 0
    411	22A4				     @@LOOP_LINES:
    412	22A4  51				     push cx ; save ax'ed cx
    413	22A5  8B 4E FE				     mov cx, ss:[bp - 2]; retrieve arg cx to cx
    414	22A8  E8 0022				     call RenderFrameLine
    415
    416	22AB  3C 01				     cmp al, 1
    417	22AD  74 02				     je	@@DONT_SET
    418	22AF  B0 01				     mov al, 1 ; switch	to middle mode
    419
    420	22B1					     @@DONT_SET:
    421	22B1  03 FB				     add di, bx
    422	22B3  59				     pop cx ; restore ax'ed cx
    423
    424	22B4  83 F9 02				     cmp cx, 2 ; check if it is	time to	change the frame to bottom mode
    425	22B7  75 02				     jne @@LOOP_CHECK
    426	22B9  B0 02				     mov al, 2
    427
    428	22BB					     @@LOOP_CHECK:
    429	22BB  E2 E7					     loop @@LOOP_LINES
    430
    431	22BD  83 C4 02			     add sp, 2
    432
    433	22C0				     @@EXIT:
    434	22C0  C3				     ret
    435	22C1						     endp
    436
    437	22C1  C9 CD BB BA 20 BA	C8+  FrameBits db F_UL,	F_HOR, F_UR, F_VER, F_WS, F_VER, F_DL, F_HOR, F_DR, F_WS, F_WS,	F_WS
    438	      CD BC 20 20 20
    439
    440				     ;-------------
    441				     ; RenderFrameLine - renders a line	of CX bytes
    442				     ;		      to ES starting from pos DX,
    443				     ;		      with Background color attribute
    444				     ; Input:  AL =  frame part:
    445				     ;		     0 = top,
    446				     ;		     1 = middle,
    447				     ;		     2 = bottom,
    448				     ;		     other = whitespace-filled line
    449				     ;	       CX =  number of bytes to	render
    450				     ;	       DI =  vram offset in bytes
    451				     ; Destr:  CX, AX, SI, DI
    452				     ; Expect: CLD
    453				     ;-------------
    454	22CD			     RenderFrameLine proc
    455	22CD  85 C9			     test cx, cx
    456	22CF  75 01			     jnz @@SKIP_RET
Turbo Assembler	 Version 4.1	    03/16/26 01:17:12	    Page 9
register.asm



    457	22D1  C3			     ret ; too far to JZ to @@EXIT
    458	22D2				     @@SKIP_RET:
    459
    460					     ; set background color attributes
    461	22D2  32 E4			     xor ah, ah
    462	22D4  57			     push di
    463	22D5  47			     inc di
    464
    465	22D6  50			     push ax
    466	22D7  53			     push bx
    467	22D8  BB 0154r			     lea bx, Background
    468	22DB  8A 07			     mov al, [bx]
    469	22DD  5B			     pop bx
    470	22DE  51			     push cx
    471	22DF  F3> AB			     rep stosw
    472	22E1  59			     pop cx
    473	22E2  58			     pop ax
    474	22E3  5F			     pop di
    475
    476					     ; decide the mode
    477	22E4  3C 02			     cmp al, 2
    478	22E6  76 02			     jna @@START_RENDER
    479	22E8  B0 03			     mov al, 3
    480
    481	22EA				     @@START_RENDER:
    482	22EA  BE 22C1r			     mov si, offset FrameBits
    483	22ED  03 F0			     add si, ax
    484	22EF  D1 E0			     shl ax, 1
    485	22F1  03 F0			     add si, ax
    486	22F3  8A 04			     mov al, [si] ; set	to first symbol
    487	22F5  26: 88 05			     mov es:byte ptr[di], al
    488	22F8  83 C7 02			     add di, 2
    489	22FB  83 E9 02			     sub cx, 2 ; remove	2 cause	we wont	draw the first and the last symbol in a	loop
    490	22FE  85 C9			     test cx, cx
    491	2300  74 0B			     jz	@@LAST
    492	2302  46			     inc si
    493	2303  8A 04			     mov al, [si] ; set	to middle symbol
    494	2305				     @@LOOP:
    495	2305  26: 88 05				     mov es:byte ptr[di], al
    496	2308  83 C7 02				     add di, 2
    497	230B  E2 F8				     loop @@LOOP
    498	230D				     @@LAST:
    499	230D  46			     inc si
    500	230E  8A 04			     mov al, [si] ; set	to last	symbol
    501	2310  26: 88 05			     mov es:byte ptr[di], al
    502	2313				     @@EXIT:
    503	2313  C3				     ret
    504	2314					     endp
    505
    506				     ;-------------
    507				     ; RenderStringEscaped - renders CX	bytes from SI
    508				     ;		      to ES starting from pos DX,
    509				     ;		      with TEXT_COLOR color attribute.
    510				     ;		      When encounters '$' character,
    511				     ;		      shifts in	vram by	one line down,
    512				     ;		      effectively mimicking a newline escape
    513				     ; Input:  SI -> string to render
Turbo Assembler	 Version 4.1	    03/16/26 01:17:12	    Page 10
register.asm



    514				     ;	       CX =  number of bytes to	render
    515				     ;	       DI =  vram offset in bytes
    516				     ; Destr:  BX, DI, SI, CX
    517				     ; Expect: CLD
    518				     ;-------------
    519	2314			     RenderStringEscaped     proc
    520	2314  85 C9			     test cx, cx
    521	2316  74 18			     jz	@@EXIT
    522	2318  BB 0155r			     lea bx, TextColor
    523	231B  8A 27			 mov ah, [bx]
    524	231D  57			     push di
    525	231E				     @@LOOP_BODY:
    526	231E  AC				     lodsb
    527	231F  3C 24						     cmp al, '$'
    528	2321  75 09						     jne @@RENDER_CHAR
    529	2323  5F						     pop di
    530	2324  81 C7 00A0					     add di, ROW_LEN * 2
    531	2328  57						     push di
    532	2329  EB 02 90						     jmp @@SKIP_RENDER_CHAR
    533	232C							     @@RENDER_CHAR:
    534	232C  AB				     stosw
    535	232D							     @@SKIP_RENDER_CHAR:
    536	232D  E2 EF				     loop @@LOOP_BODY
    537	232F  5F			     pop di
    538	2330				     @@EXIT:
    539	2330  C3				     ret
    540	2331					     endp
    541
    542	2331  30 31 32 33 34 35	36+  HEX_ALPHA db '0123456789ABCDEF'
    543	      37 38 39 41 42 43	44+
    544	      45 46
    545
    546				     ;-------------
    547				     ; Int16ToHex - takes int16	at AX and converts it to
    548				     ;			       it's 4 char long	hex code
    549				     ; Input:	     AX	= int16	to convert
    550				     ; Output:	     AH	= first	hex byte
    551				     ;			     AL	= second hex byte
    552				     ;			     CH	= third	hex byte
    553				     ;			     CL	= fourth hex byte
    554				     ; Destr:	 BX
    555				     ;-------------
    556	2341			     Int16ToHex	     proc
    557	2341  50				     push ax
    558	2342  8A E0				     mov ah, al
    559	2344  D0 E8 D0 E8 D0 E8	D0+		     shr al, 4
    560	      E8
    561	234C  80 E4 0F				     and ah, 0fh
    562
    563	234F  BB 2331r				     mov bx, offset HEX_ALPHA
    564	2352  02 D8				     add bl, al
    565	2354  8A 07				     mov al, [bx]
    566
    567	2356  BB 2331r				     mov bx, offset HEX_ALPHA
    568	2359  02 DC				     add bl, ah
    569	235B  8A 27				     mov ah, [bx]
    570	235D  59				     pop cx
Turbo Assembler	 Version 4.1	    03/16/26 01:17:12	    Page 11
register.asm



    571	235E  8A CD				     mov cl, ch
    572	2360  D0 E9 D0 E9 D0 E9	D0+		     shr cl, 4
    573	      E9
    574	2368  80 E5 0F				     and ch, 0fh
    575
    576	236B  BB 2331r				     mov bx, offset HEX_ALPHA
    577	236E  02 D9				     add bl, cl
    578	2370  8A 0F				     mov cl, [bx]
    579
    580	2372  BB 2331r				     mov bx, offset HEX_ALPHA
    581	2375  02 DD				     add bl, ch
    582	2377  8A 2F				     mov ch, [bx]
    583	2379  C3				     ret
    584	237A					     endp
    585
    586
    587	237A			     EOP:
    588
    589				     end Start
Turbo Assembler	 Version 4.1	    03/16/26 01:17:12	    Page 12
Symbol Table




Symbol Name			  Type	 Value

??DATE				  Text	 "03/16/26"
??FILENAME			  Text	 "register"
??TIME				  Text	 "01:17:12"
??VERSION			  Number 040A
@32BIT				  Text	 0
@@CLEARDRAWBUF			  Near	 DGROUP:20C3
@@CONSUME			  Near	 DGROUP:2200
@@DONT_SET			  Near	 DGROUP:22B1
@@EXIT				  Near	 DGROUP:22C0
@@EXIT				  Near	 DGROUP:2313
@@EXIT				  Near	 DGROUP:2330
@@JMP_CHAIN_ORIGINAL		  Near	 DGROUP:21C5
@@LAST				  Near	 DGROUP:230D
@@LOOP				  Near	 DGROUP:2305
@@LOOP_BODY			  Near	 DGROUP:231E
@@LOOP_CHECK			  Near	 DGROUP:22BB
@@LOOP_LINES			  Near	 DGROUP:22A4
@@MODIFYMSGLOOP			  Near	 DGROUP:20E7
@@MOVEDOWNKEY			  Near	 DGROUP:21D8
@@MOVELEFTKEY			  Near	 DGROUP:21A7
@@MOVERIGHTKEY			  Near	 DGROUP:21B6
@@MOVEUPKEY			  Near	 DGROUP:21C8
@@NOTCTRLDOWN			  Near	 DGROUP:214B
@@NOTCTRLUP			  Near	 DGROUP:2158
@@NOTH				  Near	 DGROUP:216C
@@NOTJ				  Near	 DGROUP:2178
@@NOTK				  Near	 DGROUP:2184
@@NOTL				  Near	 DGROUP:2190
@@ORIGINAL			  Near	 DGROUP:2123
@@ORIGINAL			  Near	 DGROUP:2214
@@RENDER_CHAR			  Near	 DGROUP:232C
@@SKIP_RENDER_CHAR		  Near	 DGROUP:232D
@@SKIP_RET			  Near	 DGROUP:22D2
@@START_RENDER			  Near	 DGROUP:22EA
@@SWITCHKEY			  Near	 DGROUP:21E8
@@TURNOFF			  Near	 DGROUP:21F8
@CODE				  Text	 DGROUP
@CODESIZE			  Text	 0
@CPU				  Text	 0101H
@CURSEG				  Text	 _TEXT
@DATA				  Text	 DGROUP
@DATASIZE			  Text	 0
@FILENAME			  Text	 REGISTER
@INTERFACE			  Text	 000H
@MODEL				  Text	 1
@STACK				  Text	 DGROUP
@WORDSIZE			  Text	 2
BACKGROUND			  Byte	 DGROUP:0154
DRAWBUFFER			  Byte	 DGROUP:0156
EOP				  Near	 DGROUP:237A
FRAMEBITS			  Byte	 DGROUP:22C1
F_DL				  Number 00C8
F_DR				  Number 00BC
F_HOR				  Number 00CD
Turbo Assembler	 Version 4.1	    03/16/26 01:17:12	    Page 13
Symbol Table



F_UL				  Number 00C9
F_UR				  Number 00BB
F_VER				  Number 00BA
F_WS				  Number 0020
HEX_ALPHA			  Byte	 DGROUP:2331
INT16TOHEX			  Near	 DGROUP:2341
ISCTRLDOWN			  Byte	 DGROUP:2134
KEYHANDLER			  Near	 DGROUP:2135
LINE_N				  Number 0004
MAX_LINE			  Number 0019
MSG				  Byte	 DGROUP:221E
MSG_LEN				  Number 006F
MSG_LENGTH_TOTAL		  Number 0007
MSG_LENGTH_TOTAL_PADDED		  Number 000D
MSG_LINES_TOTAL			  Number 000E
MSG_LINES_TOTAL_PADDED		  Number 0012
ORIGINAL08OFFSET		  Word	 DGROUP:2130
ORIGINAL08SEGMENT		  Word	 DGROUP:2132
ORIGINAL09OFFSET		  Word	 DGROUP:221A
ORIGINAL09SEGMENT		  Word	 DGROUP:221C
PAD_HOR				  Number 0002
PAD_VER				  Number 0001
POSITION			  Word	 DGROUP:0152
RENDERFRAME			  Near	 DGROUP:228D
RENDERFRAMELINE			  Near	 DGROUP:22CD
RENDERSTRINGESCAPED		  Near	 DGROUP:2314
ROW_LEN				  Number 0050
SAVEBUFFER			  Byte	 DGROUP:10F6
SHIFT				  Number 000F
START				  Near	 DGROUP:0100
SWITCH				  Byte	 DGROUP:0151
TEXTCOLOR			  Byte	 DGROUP:0155
UPDATEHANDLER			  Near	 DGROUP:2096
VIDEOSEG			  Number B800

Macro Name

KEYPOPREGS
KEYPUSHREGS
UPDATEPOPREGS
UPDATEPUSHREGS

Groups & Segments		  Bit Size Align  Combine Class

DGROUP				  Group
  _DATA				  16  0000 Word	  Public  DATA
  _TEXT				  16  237A Word	  Public  CODE
