Turbo Assembler	 Version 4.1	    03/12/26 22:25:45	    Page 1
clk_mod.asm



      1	0000			     .model tiny
      2	0000			     .code
      3				     org 100h
      4
      5	0100			     Start:
      6	0100  B8 3509			     mov ax, 3509h
      7	0103  CD 21			     int 21h
      8	0105  89 1E 016Er		     mov OriginalOffset, bx
      9	0109  8C C3			     mov bx, es
     10	010B  89 1E 0170r		     mov OriginalSegment, bx
     11
     12	010F  33 C0			     xor ax, ax
     13	0111  50			     push ax
     14	0112  07			     pop es
     15
     16	0113  FA			     cli
     17	0114  BB 0024			     mov bx, 09h * 4
     18	0117  26: C7 07	0134r		     mov es:[bx], offset Handler
     19	011C  8C C8			     mov ax, cs
     20	011E  26: 89 47	02		     mov es:[bx	+ 2], ax
     21	0122  FB			     sti
     22
     23	0123  B8 3100			     mov ax, 3100h
     24	0126  BA 01CDr			     mov dx, offset EOP
     25	0129  D1 EA D1 EA D1 EA	D1+	     shr dx, 4
     26	      EA
     27	0131  42			     inc dx
     28	0132  CD 21			     int 21h
     29
     30	0134			     Handler proc
     31	0134  50			     push ax
     32	0135  51			 push cx
     33	0136  52			 push dx
     34	0137  1E			 push ds
     35	0138  56			     push si
     36	0139  53			     push bx
     37
     38	013A  E4 60			     in	al, 60h
     39	013C  3C 05			     cmp al, 5d
     40	013E  75 27			 jne @@SKIP
     41	0140  B4 2C			     mov ah, 2ch
     42	0142  CD 21			 int 21h ; get sys time
     43	0144  E8 002B			 call ConvertTime ; convert time to minutes only in bx
     44	0147  8B F3			 mov si, bx
     45					 ;xor ch, ch
     46					 ;sub cl, 5
     47					 ;mov ah, 2dh
     48					 ;int 21h
     49	0149				 @@CHECK_TIME:
     50					     ;mov ah, 09h
     51					 ;push cs
     52					 ;pop ds
     53					     ;lea dx, MSG_STALL
     54					     ;int 21h
     55	0149  B4 2C			 mov ah, 2ch
     56	014B  CD 21			 int 21h
     57	014D  E8 0022			 call ConvertTime
Turbo Assembler	 Version 4.1	    03/12/26 22:25:45	    Page 2
clk_mod.asm



     58	0150  83 EB 02			 sub bx, 2
     59	0153  3B DE			 cmp bx, si
     60	0155  7E F2			 jle @@CHECK_TIME
     61
     62					 ;mov ch, 23
     63					 ;mov ah, 2dh
     64					 ;int 21h
     65					 ;cmp al, 0d
     66					 ;jne @@FAILED
     67					 ;mov ah, 2ch
     68					 ;int 21h
     69					 ;mov ah, 09h
     70					 ;push cs
     71					 ;pop ds
     72					     ;lea dx, MSG
     73					     ;int 21h
     74	0157  EB 0E 90			 jmp @@SKIP
     75	015A				 @@FAILED:
     76	015A  B4 2C			 mov ah, 2ch
     77	015C  CD 21			 int 21h
     78	015E  B4 09			 mov ah, 09h
     79	0160  0E			 push cs
     80	0161  1F			 pop ds
     81	0162  BA 01A1r			     lea dx, MSG_FAILED
     82	0165  CD 21			     int 21h
     83
     84	0167				 @@SKIP:
     85
     86					     ;in al, 61h
     87					     ;or al, 80h
     88					     ;out 61h, al
     89					     ;and al, not 80h
     90					     ;out 61h, al
     91					     ;mov al, 20h
     92					     ;out 20h, al
     93
     94	0167  5B			     pop bx
     95	0168  5E			     pop si
     96	0169  1F			 pop ds
     97	016A  5A			 pop dx
     98	016B  59			 pop cx
     99	016C  58			     pop ax
    100
    101					     ;iret
    102
    103	016D  EA			     db	0eah ; JMP FAR
    104
    105	016E  0000		     OriginalOffset dw 0
    106	0170  0000		     OriginalSegment dw	0
    107
    108	0172				     endp
    109
    110				     ;-------------
    111				     ; ConvertTime - converts CH hours and CL minutes into BX minutes
    112				     ; Input:  CH - hours
    113				     ;	       CL - minutes
    114				     ; Output: BX - minutes
Turbo Assembler	 Version 4.1	    03/12/26 22:25:45	    Page 3
clk_mod.asm



    115				     ; Destr:  AX, CH
    116				     ;-------------
    117	0172			     ConvertTime proc
    118	0172  33 C0			 xor ax, ax
    119	0174  8A C5			 mov al, ch
    120	0176  33 DB			 xor bx, bx
    121	0178  8A DD			 mov bl, ch
    122	017A  D1 E3 D1 E3 D1 E3	D1+	 shl bx, 4
    123	      E3
    124	0182  2B D8			 sub bx, ax
    125	0184  D1 E3 D1 E3		 shl bx, 2
    126	0188  32 ED			 xor ch, ch
    127	018A  03 D9			 add bx, cx
    128	018C  C3			 ret
    129	018D			     endp
    130
    131
    132	018D  54 69 6D 65 20 4D	6F+  MSG db 'Time Modified!!!!', 0dh, 0ah, '$'
    133	      64 69 66 69 65 64	21+
    134	      21 21 21 0D 0A 24
    135	01A1  54 69 6D 65 20 4D	6F+  MSG_FAILED	db 'Time Modification Failed...', 0dh, 0ah, '$'
    136	      64 69 66 69 63 61	74+
    137	      69 6F 6E 20 46 61	69+
    138	      6C 65 64 2E 2E 2E	0D+
    139	      0A 24
    140	01BF  53 74 61 6C 6C 69	6E+  MSG_STALL db 'Stalling...', 0dh, 0ah, '$'
    141	      67 2E 2E 2E 0D 0A	24
    142
    143	01CD			     EOP:
    144
    145				     end Start
Turbo Assembler	 Version 4.1	    03/12/26 22:25:45	    Page 4
Symbol Table




Symbol Name			  Type	 Value

??DATE				  Text	 "03/12/26"
??FILENAME			  Text	 "clk_mod "
??TIME				  Text	 "22:25:45"
??VERSION			  Number 040A
@32BIT				  Text	 0
@@CHECK_TIME			  Near	 DGROUP:0149
@@FAILED			  Near	 DGROUP:015A
@@SKIP				  Near	 DGROUP:0167
@CODE				  Text	 DGROUP
@CODESIZE			  Text	 0
@CPU				  Text	 0101H
@CURSEG				  Text	 _TEXT
@DATA				  Text	 DGROUP
@DATASIZE			  Text	 0
@FILENAME			  Text	 CLK_MOD
@INTERFACE			  Text	 000H
@MODEL				  Text	 1
@STACK				  Text	 DGROUP
@WORDSIZE			  Text	 2
CONVERTTIME			  Near	 DGROUP:0172
EOP				  Near	 DGROUP:01CD
HANDLER				  Near	 DGROUP:0134
MSG				  Byte	 DGROUP:018D
MSG_FAILED			  Byte	 DGROUP:01A1
MSG_STALL			  Byte	 DGROUP:01BF
ORIGINALOFFSET			  Word	 DGROUP:016E
ORIGINALSEGMENT			  Word	 DGROUP:0170
START				  Near	 DGROUP:0100

Groups & Segments		  Bit Size Align  Combine Class

DGROUP				  Group
  _DATA				  16  0000 Word	  Public  DATA
  _TEXT				  16  01CD Word	  Public  CODE
