Turbo Assembler	 Version 4.1	    03/11/26 19:40:21	    Page 1
crack_me.asm



      1	0000			     .model tiny
      2	0000			     .code
      3				     org 100h
      4
      5				     locals @@
      6
      7				     ;-------------
      8				     ; Exit - macro that exits the program with	a given	exit code
      9				     ; Destr: AX
     10				     ;-------------
     11				     Exit	     macro exitCode
     12					     mov ah, 4ch
     13					     mov al, exitCode
     14					     int 21h
     15						     endm
     16
     17				     ;-------------
     18				     ; Puts - macro that puts a	string into stdout, using 09h'th DOS fn	via int	21
     19				     ; Destr: ax, dx
     20				     ;-------------
     21				     Puts	     macro str
     22					     mov ah, 09h
     23					     lea dx, str
     24					     int 21h
     25						     endm
     26
     27	0100			     Start:
     28					 Puts PROMPT_MSG
1    29	0100  B4 09			     mov ah, 09h
1    30	0102  BA 012Cr			     lea dx, PROMPT_MSG
1    31	0105  CD 21			     int 21h
     32
     33	0107  B4 0A			 mov ah, 0ah
     34	0109  BA 0194r			 lea dx, BUFFER_START
     35	010C  CD 21			 int 21h
     36
     37	010E  EB 01 90			 jmp @@CORRECT
     38
     39
     40	0111				 @@INCORRECT:
     41
     42	0111				 @@CORRECT:
     43	0111  FC			 cld
     44	0112  BE 0195r			 lea si, BUFFER_START +	1
     45	0115  33 C9			 xor cx, cx
     46	0117  8A 0C			 mov cl, [si]
     47	0119  BE 0196r			 lea si, BUFFER
     48	011C  E8 0087			 call hash
     49					 Puts CORRECT_MSG
1    50	011F  B4 09			     mov ah, 09h
1    51	0121  BA 0189r			     lea dx, CORRECT_MSG
1    52	0124  CD 21			     int 21h
     53					     Exit 0d
1    54	0126  B4 4C			     mov ah, 4ch
1    55	0128  B0 00			     mov al, 0d
1    56	012A  CD 21			     int 21h
     57
Turbo Assembler	 Version 4.1	    03/11/26 19:40:21	    Page 2
crack_me.asm



     58	012C  4D 69 72 72 6F 72	20+  PROMPT_MSG	   db 'Mirror mirror on	the wall, who is the fairest of	them all?', 0dh, 0ah, '$'
     59	      6D 69 72 72 6F 72	20+
     60	      6F 6E 20 74 68 65	20+
     61	      77 61 6C 6C 2C 20	77+
     62	      68 6F 20 69 73 20	74+
     63	      68 65 20 66 61 69	72+
     64	      65 73 74 20 6F 66	20+
     65	      74 68 65 6D 20 61	6C+
     66	      6C 3F 0D 0A 24
     67	0169  57 72 6F 6E 67 21	24   INCORRECT_MSG db 'Wrong!$'
     68	0170  54 72 79 20 61 67	61+  TIMEOUT_MSG_1 db 'Try again in $'
     69	      69 6E 20 69 6E 20	24
     70	017E  20 73 65 63 6F 6E	64+  TIMEOUT_MSG_2 db '	seconds', 0dh, 0ah, '$'
     71	      73 0D 0A 24
     72	0189  43 6F 72 72 65 63	74+  CORRECT_MSG   db 'Correct!', 0dh, 0ah, '$'
     73	      21 0D 0A 24
     74
     75	0194  FF 00		     BUFFER_START db 0ffh, 00h
     76	0196  10*(??)		     BUFFER db 16 dup(?)
     77
     78				     ;-------------
     79				     ;
     80				     ; Input:
     81				     ; Output:
     82				     ; Destr:
     83				     ; Expect:
     84				     ;-------------
     85
     86				     ; macro for code below
     87				     SHLC macro
     88					 shl bx, 1
     89					 shl dx, 1
     90					 adc bx, 0h
     91				     endm
     92
     93				     ;-------------
     94				     ; Hash - calculates 32-bit	hash of	a CX bytes starting from SI
     95				     ;	      if CX = 0, nothing happens
     96				     ; Input:  CX =  number of bytes
     97				     ;	       SI -> string of bytes
     98				     ; Output: BX - higher 16 bits of a	hash
     99				     ;	       DX - lower  16 bits of a	hash
    100				     ; Destr: AX, SI, CX, BP
    101				     ; Expect: CLD
    102				     ;-------------
    103	01A6			     Hash proc
    104	01A6  85 C9			 test cx, cx
    105	01A8  75 01			 jnz @@START
    106	01AA  C3			 ret
    107	01AB				 @@START:
    108	01AB  33 D2			 xor dx, dx
    109	01AD  33 DB			 xor bx, bx
    110	01AF  32 E4			 xor ah, ah
    111	01B1  8B EC			 mov bp, sp
    112	01B3				 @@LOOP:
    113	01B3  52			     push dx
    114	01B4  53			     push bx
Turbo Assembler	 Version 4.1	    03/11/26 19:40:21	    Page 3
crack_me.asm



    115					     ; dx *= 37
    116					     shlc
1   117	01B5  D1 E3			 shl bx, 1
1   118	01B7  D1 E2			 shl dx, 1
1   119	01B9  83 D3 00			 adc bx, 0h
    120					     shlc
1   121	01BC  D1 E3			 shl bx, 1
1   122	01BE  D1 E2			 shl dx, 1
1   123	01C0  83 D3 00			 adc bx, 0h
    124					     shlc
1   125	01C3  D1 E3			 shl bx, 1
1   126	01C5  D1 E2			 shl dx, 1
1   127	01C7  83 D3 00			 adc bx, 0h
    128	01CA  03 56 FE			     add dx, [bp - 2]
    129	01CD  13 5E FC			     adc bx, [bp - 4]
    130					     shlc
1   131	01D0  D1 E3			 shl bx, 1
1   132	01D2  D1 E2			 shl dx, 1
1   133	01D4  83 D3 00			 adc bx, 0h
    134					     shlc
1   135	01D7  D1 E3			 shl bx, 1
1   136	01D9  D1 E2			 shl dx, 1
1   137	01DB  83 D3 00			 adc bx, 0h
    138	01DE  03 56 FE			     add dx, [bp - 2]
    139	01E1  13 5E FC			     adc bx, [bp - 4]
    140
    141	01E4  32 E4			     xor ah, ah
    142	01E6  AC			     lodsb
    143	01E7  03 D0			     add dx, ax
    144	01E9  83 D3 00			     adc bx, 0h
    145	01EC  83 C4 04			     add sp, 4
    146	01EF  E2 C2			 loop @@LOOP
    147	01F1  C3			 ret
    148	01F2			     endp
    149
    150				     end     Start
Turbo Assembler	 Version 4.1	    03/11/26 19:40:21	    Page 4
Symbol Table




Symbol Name			  Type	 Value

??DATE				  Text	 "03/11/26"
??FILENAME			  Text	 "crack_me"
??TIME				  Text	 "19:40:21"
??VERSION			  Number 040A
@32BIT				  Text	 0
@@CORRECT			  Near	 DGROUP:0111
@@INCORRECT			  Near	 DGROUP:0111
@@LOOP				  Near	 DGROUP:01B3
@@START				  Near	 DGROUP:01AB
@CODE				  Text	 DGROUP
@CODESIZE			  Text	 0
@CPU				  Text	 0101H
@CURSEG				  Text	 _TEXT
@DATA				  Text	 DGROUP
@DATASIZE			  Text	 0
@FILENAME			  Text	 CRACK_ME
@INTERFACE			  Text	 000H
@MODEL				  Text	 1
@STACK				  Text	 DGROUP
@WORDSIZE			  Text	 2
BUFFER				  Byte	 DGROUP:0196
BUFFER_START			  Byte	 DGROUP:0194
CORRECT_MSG			  Byte	 DGROUP:0189
HASH				  Near	 DGROUP:01A6
INCORRECT_MSG			  Byte	 DGROUP:0169
PROMPT_MSG			  Byte	 DGROUP:012C
START				  Near	 DGROUP:0100
TIMEOUT_MSG_1			  Byte	 DGROUP:0170
TIMEOUT_MSG_2			  Byte	 DGROUP:017E

Macro Name

EXIT
PUTS
SHLC

Groups & Segments		  Bit Size Align  Combine Class

DGROUP				  Group
  _DATA				  16  0000 Word	  Public  DATA
  _TEXT				  16  01F2 Word	  Public  CODE
