Turbo Assembler	 Version 4.1	    03/04/26 18:40:37	    Page 1
frame.asm



      1	0000			     .model tiny
      2	0000			     .code
      3				     org 100h
      4
      5				     locals @@
      6
      7	      =B800		     VIDEOSEG	equ 0b800h
      8	      =0050		     ROW_LEN	equ 80d
      9	      =0080		     CMD_LINE	equ 80h
     10	      =0008		     LINE_N	equ 8d
     11	      =0018		     SHIFT	equ 24d
     12	      =00BA		     F_VER	equ 0bah ; ║
     13	      =00CD		     F_HOR	equ 0cdh ; ═
     14	      =00BB		     F_UR	equ 0bbh ; ╗
     15	      =00C9		     F_UL	equ 0c9h ; ╔
     16	      =00BC		     F_DR	equ 0bch ; ╝
     17	      =00C8		     F_DL	equ 0c8h ; ╚
     18	      =0020		     F_WS	equ ' '
     19	      =0002		     PAD_HOR	equ 2d
     20	      =0001		     PAD_VER	equ 1d
     21	      =0079		     BACKGROUND	equ 79h
     22	      =007C		     TEXT_COLOR	equ 7ch
     23
     24				     ;-------------
     25				     ; Exit - macro that exits the program with	a given	exit code
     26				     ; Destr: AX
     27				     ;-------------
     28				     Exit	     macro exitCode
     29					     mov ah, 4ch
     30					     mov al, exitCode
     31					     int 21h
     32						     endm
     33
     34	0100			     Start:
     35	0100  BB 0080			     mov bx, CMD_LINE
     36	0103  32 ED			     xor ch, ch
     37	0105  8A 0F			     mov cl, [bx] ; command line length
     38	0107  84 C9			     test cl, cl
     39	0109  74 40			     jz	MISUSAGE
     40
     41	010B  B8 B800			     mov ax, VIDEOSEG
     42	010E  8E C0			     mov es, ax
     43
     44	0110  FC			     cld
     45	0111  BF 0530			     mov di, (LINE_N * ROW_LEN + SHIFT)	* 2d ;
     46	0114  B8 0005			     mov ax, (PAD_VER +	1) * 2d	+ 1 ; we add padding and one line for text
     47	0117  83 C1 05			     add cx, (PAD_HOR +	1) * 2d	- 1 ; we add padding and remove	the space
     48	011A  E8 0053			     call RenderFrame
     49
     50	011D  BF 0676			     mov di, ((LINE_N +	PAD_VER	+ 1) * ROW_LEN + SHIFT + PAD_HOR + 1) *	2d
     51	0120  BB 0080			     mov bx, CMD_LINE
     52	0123  32 ED			     xor ch, ch
     53	0125  8A 0F			     mov cl, [bx] ; command line length
     54	0127  FE C9			     dec cl
     55	0129  8B F3			     mov si, bx
     56	012B  83 C6 02			     add si, 2 ; skip cmd len and skip first space
     57	012E  E8 00C2			     call RenderString
Turbo Assembler	 Version 4.1	    03/04/26 18:40:37	    Page 2
frame.asm



     58
     59	0131  BF 0856			     mov di, ((LINE_N +	PAD_VER	+ 4) * ROW_LEN + SHIFT + PAD_HOR + 1) *	2d
     60	0134  BB 0080			     mov bx, CMD_LINE
     61	0137  8A ED			     mov ch, ch
     62	0139  8A 0F			     mov cl, [bx] ; command line length
     63	013B  FE C9			     dec cl
     64	013D  8B F3			     mov si, bx
     65	013F  83 C6 02			     add si, 2
     66	0142  E8 00B9			     call RenderHexBytes
     67
     68					     Exit 0d
1    69	0145  B4 4C			     mov ah, 4ch
1    70	0147  B0 00			     mov al, 0d
1    71	0149  CD 21			     int 21h
     72
     73	014B				     MISUSAGE:
     74	014B  B4 09			     mov ah, 09h
     75	014D  BA 0158r			     mov dx, offset USAGE
     76	0150  CD 21			     int 21h
     77					     Exit 1d
1    78	0152  B4 4C			     mov ah, 4ch
1    79	0154  B0 01			     mov al, 1d
1    80	0156  CD 21			     int 21h
     81
     82	0158  55 73 61 67 65 3A	20+  USAGE db 'Usage: frame <message>',	0ah, '$'
     83	      66 72 61 6D 65 20	3C+
     84	      6D 65 73 73 61 67	65+
     85	      3E 0A 24
     86
     87				     ;-------------
     88				     ;
     89				     ; Input:
     90				     ; Output:
     91				     ; Destr:
     92				     ; Expect:
     93				     ;-------------
     94
     95				     ;-------------
     96				     ; RenderFrame - renders CX	by AX bytes from SI
     97				     ;		      to ES starting from pos DX,
     98				     ;		      with BACKGROUND color attribute
     99				     ; Input:  AX =  height
    100				     ;	       CX =  length
    101				     ;	       DI =  vram offset in bytes
    102				     ; Destr:  BX, DI, SI, CX, AX
    103				     ; Expect: CLD
    104				     ;-------------
    105	0170			     RenderFrame     proc
    106	0170  85 C9			     test cx, cx
    107	0172  74 2F			     jz	@@EXIT
    108	0174  85 C0			     test ax, ax
    109	0176  74 2B			     jz	@@EXIT
    110	0178  8B EC			     mov bp, sp
    111
    112	017A  51			     push cx
    113	017B  BB 0050			     mov bx, ROW_LEN
    114	017E  43			     inc bx
Turbo Assembler	 Version 4.1	    03/04/26 18:40:37	    Page 3
frame.asm



    115	017F  2B D9			     sub bx, cx	; potential overflow here but no solution for now
    116	0181  D1 E3			     shl bx, 1 ; now bx	contains how much we need to shift per iteration
    117	0183  8B C8			     mov cx, ax
    118	0185  B0 00			     mov al, 0
    119	0187				     @@LOOP_LINES:
    120	0187  51				     push cx ; save ax'ed cx
    121	0188  8B 4E FE				     mov cx, ss:[bp - 2]; retrieve arg cx to cx
    122	018B  E8 0022				     call RenderFrameLine
    123
    124	018E  3C 01				     cmp al, 1
    125	0190  74 02				     je	@@DONT_SET
    126	0192  B0 01				     mov al, 1 ; switch	to middle mode
    127
    128	0194					     @@DONT_SET:
    129	0194  03 FB				     add di, bx
    130	0196  59				     pop cx ; restore ax'ed cx
    131
    132	0197  83 F9 02				     cmp cx, 2 ; check if it is	time to	change the frame to bottom mode
    133	019A  75 02				     jne @@LOOP_CHECK
    134	019C  B0 02				     mov al, 2
    135
    136	019E					     @@LOOP_CHECK:
    137	019E  E2 E7					     loop @@LOOP_LINES
    138
    139	01A0  83 C4 02			     add sp, 2
    140
    141	01A3				     @@EXIT:
    142	01A3  C3				     ret
    143	01A4						     endp
    144
    145	01A4  C9 CD BB BA 20 BA	C8+  FrameBits db F_UL,	F_HOR, F_UR, F_VER, F_WS, F_VER, F_DL, F_HOR, F_DR, F_WS, F_WS,	F_WS
    146	      CD BC 20 20 20
    147
    148				     ;-------------
    149				     ; RenderFrameLine - renders a line	of CX bytes
    150				     ;		      to ES starting from pos DX,
    151				     ;		      with BACKGROUND color attribute
    152				     ; Input:  AL =  frame part:
    153				     ;		     0 = top,
    154				     ;		     1 = middle,
    155				     ;		     2 = bottom,
    156				     ;		     other = whitespace-filled line
    157				     ;	       CX =  number of bytes to	render
    158				     ;	       DI =  vram offset in bytes
    159				     ; Destr:  CX, AX, SI, DI
    160				     ; Expect: CLD
    161				     ;-------------
    162	01B0			     RenderFrameLine proc
    163	01B0  85 C9			     test cx, cx
    164	01B2  75 01			     jnz @@SKIP_RET
    165	01B4  C3			     ret ; too far to JZ to @@EXIT
    166	01B5				     @@SKIP_RET:
    167
    168					     ; set background color attributes
    169	01B5  32 E4			     xor ah, ah
    170	01B7  57			     push di
    171	01B8  47			     inc di
Turbo Assembler	 Version 4.1	    03/04/26 18:40:37	    Page 4
frame.asm



    172
    173	01B9  50			     push ax
    174	01BA  B8 0079			     mov ax, BACKGROUND
    175	01BD  51			     push cx
    176	01BE  F3> AB			     rep stosw
    177	01C0  59			     pop cx
    178	01C1  58			     pop ax
    179	01C2  5F			     pop di
    180
    181					     ; decide the mode
    182	01C3  3C 02			     cmp al, 2
    183	01C5  76 02			     jna @@START_RENDER
    184	01C7  B0 03			     mov al, 3
    185
    186	01C9				     @@START_RENDER:
    187	01C9  BE 01A4r			     mov si, offset FrameBits
    188	01CC  03 F0			     add si, ax
    189	01CE  D1 E0			     shl ax, 1
    190	01D0  03 F0			     add si, ax
    191	01D2  8A 04			     mov al, [si] ; set	to first symbol
    192	01D4  26: 88 05			     mov es:byte ptr[di], al
    193	01D7  83 C7 02			     add di, 2
    194	01DA  83 E9 02			     sub cx, 2 ; remove	2 cause	we wont	draw the first and the last symbol in a	loop
    195	01DD  85 C9			     test cx, cx
    196	01DF  74 0B			     jz	@@LAST
    197	01E1  46			     inc si
    198	01E2  8A 04			     mov al, [si] ; set	to middle symbol
    199	01E4				     @@LOOP:
    200	01E4  26: 88 05				     mov es:byte ptr[di], al
    201	01E7  83 C7 02				     add di, 2
    202	01EA  E2 F8				     loop @@LOOP
    203	01EC				     @@LAST:
    204	01EC  46			     inc si
    205	01ED  8A 04			     mov al, [si] ; set	to last	symbol
    206	01EF  26: 88 05			     mov es:byte ptr[di], al
    207	01F2				     @@EXIT:
    208	01F2  C3				     ret
    209	01F3					     endp
    210
    211				     ;-------------
    212				     ; RenderString - renders CX bytes from SI
    213				     ;		      to ES starting from pos DX,
    214				     ;		      with TEXT_COLOR color attribute
    215				     ; Input:  SI -> string to render
    216				     ;	       CX =  number of bytes to	render
    217				     ;	       DI =  vram offset in bytes
    218				     ; Destr:  BX, DI, SI, CX
    219				     ; Expect: CLD
    220				     ;-------------
    221	01F3			     RenderString    proc
    222	01F3  85 C9			     test cx, cx
    223	01F5  74 06			     jz	@@EXIT
    224	01F7  B4 7C			     mov ah, TEXT_COLOR
    225	01F9				     @@LOOP_BODY:
    226	01F9  AC				     lodsb
    227	01FA  AB				     stosw
    228	01FB  E2 FC				     loop @@LOOP_BODY
Turbo Assembler	 Version 4.1	    03/04/26 18:40:37	    Page 5
frame.asm



    229	01FD				     @@EXIT:
    230	01FD  C3				     ret
    231	01FE					     endp
    232
    233				     ;-------------
    234				     ; RenderHexBytes -	renders	CX bytes as hex	codes from SI
    235				     ;		      to ES starting from pos DX,
    236				     ;		      with TEXT_COLOR color attribute
    237				     ; Input:  SI -> string to render
    238				     ;	       CX =  number of bytes to	render
    239				     ;	       DI =  vram offset in bytes
    240				     ; Destr:  AX, SI, CX, DI
    241				     ;-------------
    242	01FE			     RenderHexBytes  proc
    243	01FE  85 C9			     test cx, cx
    244	0200  74 1C			     jz	@@EXIT
    245	0202				     @@LOOP_BODY:
    246	0202  8A 04				     mov al, [si]
    247	0204  E8 0028				     call CharToHex
    248	0207  26: 88 05				     mov es:byte ptr[di],     al
    249	020A  26: C6 45	01 7C			     mov es:byte ptr[di	+ 1], TEXT_COLOR
    250	020F  26: 88 65	02			     mov es:byte ptr[di	+ 2], ah
    251	0213  26: C6 45	03 7C			     mov es:byte ptr[di	+ 3], TEXT_COLOR
    252	0218  46				     inc si
    253	0219  83 C7 04				     add di, 4
    254	021C  E2 E4				     loop @@LOOP_BODY
    255	021E				     @@EXIT:
    256	021E  C3				     ret
    257	021F					     endp
    258
    259	021F  30 31 32 33 34 35	36+  HEX_ALPHA db '0123456789ABCDEF'
    260	      37 38 39 41 42 43	44+
    261	      45 46
    262
    263				     ;-------------
    264				     ; CharToHex - takes char at AL and	converts it to
    265				     ;			       it's 2-byte hex code (upper byte	is stored in AH, lower in AL)
    266				     ; Input:	     AL	= char to convert
    267				     ; Output:	     AH	= first	hex byte
    268				     ;			     AL	= second hex byte
    269				     ; Destr:	 BX
    270				     ;-------------
    271	022F			     CharToHex	     proc
    272	022F  8A E0				     mov ah, al
    273	0231  D0 E8 D0 E8 D0 E8	D0+		     shr al, 4
    274	      E8
    275	0239  80 E4 0F				     and ah, 0fh
    276
    277	023C  BB 021Fr				     mov bx, offset HEX_ALPHA
    278	023F  02 D8				     add bl, al
    279	0241  8A 07				     mov al, [bx]
    280
    281	0243  BB 021Fr				     mov bx, offset HEX_ALPHA
    282	0246  02 DC				     add bl, ah
    283	0248  8A 27				     mov ah, [bx]
    284	024A  C3				     ret
    285	024B					     endp
Turbo Assembler	 Version 4.1	    03/04/26 18:40:37	    Page 6
frame.asm



    286
    287				     end     Start
Turbo Assembler	 Version 4.1	    03/04/26 18:40:37	    Page 7
Symbol Table




Symbol Name			  Type	 Value

??DATE				  Text	 "03/04/26"
??FILENAME			  Text	 "frame	  "
??TIME				  Text	 "18:40:37"
??VERSION			  Number 040A
@32BIT				  Text	 0
@@DONT_SET			  Near	 DGROUP:0194
@@EXIT				  Near	 DGROUP:01A3
@@EXIT				  Near	 DGROUP:01F2
@@EXIT				  Near	 DGROUP:01FD
@@EXIT				  Near	 DGROUP:021E
@@LAST				  Near	 DGROUP:01EC
@@LOOP				  Near	 DGROUP:01E4
@@LOOP_BODY			  Near	 DGROUP:01F9
@@LOOP_BODY			  Near	 DGROUP:0202
@@LOOP_CHECK			  Near	 DGROUP:019E
@@LOOP_LINES			  Near	 DGROUP:0187
@@SKIP_RET			  Near	 DGROUP:01B5
@@START_RENDER			  Near	 DGROUP:01C9
@CODE				  Text	 DGROUP
@CODESIZE			  Text	 0
@CPU				  Text	 0101H
@CURSEG				  Text	 _TEXT
@DATA				  Text	 DGROUP
@DATASIZE			  Text	 0
@FILENAME			  Text	 FRAME
@INTERFACE			  Text	 000H
@MODEL				  Text	 1
@STACK				  Text	 DGROUP
@WORDSIZE			  Text	 2
BACKGROUND			  Number 0079
CHARTOHEX			  Near	 DGROUP:022F
CMD_LINE			  Number 0080
FRAMEBITS			  Byte	 DGROUP:01A4
F_DL				  Number 00C8
F_DR				  Number 00BC
F_HOR				  Number 00CD
F_UL				  Number 00C9
F_UR				  Number 00BB
F_VER				  Number 00BA
F_WS				  Number 0020
HEX_ALPHA			  Byte	 DGROUP:021F
LINE_N				  Number 0008
MISUSAGE			  Near	 DGROUP:014B
PAD_HOR				  Number 0002
PAD_VER				  Number 0001
RENDERFRAME			  Near	 DGROUP:0170
RENDERFRAMELINE			  Near	 DGROUP:01B0
RENDERHEXBYTES			  Near	 DGROUP:01FE
RENDERSTRING			  Near	 DGROUP:01F3
ROW_LEN				  Number 0050
SHIFT				  Number 0018
START				  Near	 DGROUP:0100
TEXT_COLOR			  Number 007C
USAGE				  Byte	 DGROUP:0158
Turbo Assembler	 Version 4.1	    03/04/26 18:40:37	    Page 8
Symbol Table



VIDEOSEG			  Number B800

Macro Name

EXIT

Groups & Segments		  Bit Size Align  Combine Class

DGROUP				  Group
  _DATA				  16  0000 Word	  Public  DATA
  _TEXT				  16  024B Word	  Public  CODE
