Turbo Assembler	 Version 4.1	    02/16/26 16:24:38	    Page 1
symbol.asm



      1	0000			     .model tiny
      2	0000			     .code
      3				     org 100h
      4	0100			     Start:
      5	0100  B8 B800			     mov ax, 0b800h
      6	0103  8E C0			     mov es, ax	; es = 0b800h
      7	0105  BB 0000			     mov bx, 0
      8	0108  26: C6 07	05		     mov es:byte ptr[bx], 05h ;	using bx as an offset in es's segment,
      9								      ;	set the	vram symbol to 05h
     10	010C  26: C6 47	01 25		     mov es:byte ptr[bx	+ 1], 25h
     11
     12	0111  B8 4C00			     mov ax, 4c00h
     13	0114  CD 21			     int 21h
     14
     15				     end Start
Turbo Assembler	 Version 4.1	    02/16/26 16:24:38	    Page 2
Symbol Table




Symbol Name			  Type	 Value

??DATE				  Text	 "02/16/26"
??FILENAME			  Text	 "symbol  "
??TIME				  Text	 "16:24:38"
??VERSION			  Number 040A
@32BIT				  Text	 0
@CODE				  Text	 DGROUP
@CODESIZE			  Text	 0
@CPU				  Text	 0101H
@CURSEG				  Text	 _TEXT
@DATA				  Text	 DGROUP
@DATASIZE			  Text	 0
@FILENAME			  Text	 SYMBOL
@INTERFACE			  Text	 000H
@MODEL				  Text	 1
@STACK				  Text	 DGROUP
@WORDSIZE			  Text	 2
START				  Near	 DGROUP:0100

Groups & Segments		  Bit Size Align  Combine Class

DGROUP				  Group
  _DATA				  16  0000 Word	  Public  DATA
  _TEXT				  16  0116 Word	  Public  CODE
